------------------------------------------------------------
TimeQuest Timing Analyzer Summary
------------------------------------------------------------

Type  : Slow 1100mV 100C Model Setup 'CLOCK_50'
Slack : -6.971
TNS   : -173.655

Type  : Slow 1100mV 100C Model Hold 'CLOCK_50'
Slack : 0.269
TNS   : 0.000

Type  : Slow 1100mV 100C Model Minimum Pulse Width 'CLOCK_50'
Slack : -0.538
TNS   : -36.402

Type  : Slow 1100mV -40C Model Setup 'CLOCK_50'
Slack : -7.115
TNS   : -176.127

Type  : Slow 1100mV -40C Model Hold 'CLOCK_50'
Slack : 0.250
TNS   : 0.000

Type  : Slow 1100mV -40C Model Minimum Pulse Width 'CLOCK_50'
Slack : -0.538
TNS   : -37.693

Type  : Fast 1100mV 100C Model Setup 'CLOCK_50'
Slack : -2.952
TNS   : -67.228

Type  : Fast 1100mV 100C Model Hold 'CLOCK_50'
Slack : 0.143
TNS   : 0.000

Type  : Fast 1100mV 100C Model Minimum Pulse Width 'CLOCK_50'
Slack : -0.093
TNS   : -4.146

Type  : Fast 1100mV -40C Model Setup 'CLOCK_50'
Slack : -2.471
TNS   : -55.230

Type  : Fast 1100mV -40C Model Hold 'CLOCK_50'
Slack : 0.122
TNS   : 0.000

Type  : Fast 1100mV -40C Model Minimum Pulse Width 'CLOCK_50'
Slack : -0.090
TNS   : -4.028

------------------------------------------------------------
