------------------------------------------------------------
TimeQuest Timing Analyzer Summary
------------------------------------------------------------

Type  : Slow 1100mV 100C Model Setup 'FPGA_CLK1_50'
Slack : -1.384
TNS   : -5.529

Type  : Slow 1100mV 100C Model Hold 'FPGA_CLK1_50'
Slack : 0.808
TNS   : 0.000

Type  : Slow 1100mV 100C Model Minimum Pulse Width 'FPGA_CLK1_50'
Slack : -2.636
TNS   : -46.175

Type  : Slow 1100mV -40C Model Setup 'FPGA_CLK1_50'
Slack : -1.450
TNS   : -5.794

Type  : Slow 1100mV -40C Model Hold 'FPGA_CLK1_50'
Slack : 0.874
TNS   : 0.000

Type  : Slow 1100mV -40C Model Minimum Pulse Width 'FPGA_CLK1_50'
Slack : -2.636
TNS   : -46.011

Type  : Fast 1100mV 100C Model Setup 'FPGA_CLK1_50'
Slack : -0.258
TNS   : -1.028

Type  : Fast 1100mV 100C Model Hold 'FPGA_CLK1_50'
Slack : 0.432
TNS   : 0.000

Type  : Fast 1100mV 100C Model Minimum Pulse Width 'FPGA_CLK1_50'
Slack : -2.174
TNS   : -37.019

Type  : Fast 1100mV -40C Model Setup 'FPGA_CLK1_50'
Slack : -0.221
TNS   : -0.880

Type  : Fast 1100mV -40C Model Hold 'FPGA_CLK1_50'
Slack : 0.417
TNS   : 0.000

Type  : Fast 1100mV -40C Model Minimum Pulse Width 'FPGA_CLK1_50'
Slack : -2.174
TNS   : -37.044

------------------------------------------------------------
